// Jest Snapshot v1, https://goo.gl/fbAQLP

exports[`<Loader /> renders the icon (PawPrint) 1`] = `
<div>
  <div
    class="flex flex-col items-center justify-center h-[70vh] gap-4"
  >
    <div
      class="animate-bounce text-[#013274]"
    >
      <svg
        class="lucide lucide-paw-print w-16 h-16"
        data-testid="paw-icon"
        fill="none"
        height="24"
        stroke="currentColor"
        stroke-linecap="round"
        stroke-linejoin="round"
        stroke-width="2"
        viewBox="0 0 24 24"
        width="24"
        xmlns="http://www.w3.org/2000/svg"
      >
        <circle
          cx="11"
          cy="4"
          r="2"
        />
        <circle
          cx="18"
          cy="8"
          r="2"
        />
        <circle
          cx="20"
          cy="16"
          r="2"
        />
        <path
          d="M9 10a5 5 0 0 1 5 5v3.5a3.5 3.5 0 0 1-6.84 1.045Q6.52 17.48 4.46 16.84A3.5 3.5 0 0 1 5.5 10Z"
        />
      </svg>
    </div>
  </div>
</div>
`;
