// Jest Snapshot v1, https://goo.gl/fbAQLP

exports[`<TextBlock /> Should renders the rich text content 1`] = `
<div>
  <div
    class="text-gray-600 mb-4 leading-relaxed"
  >
    <div
      class="payload-richtext"
    >
      <p>
        Homepage
      </p>
    </div>
  </div>
</div>
`;
