// Jest Snapshot v1, https://goo.gl/fbAQLP

exports[`<CatCard /> renders correctly with required props 1`] = `
<div>
  <article
    class="h-full w-full max-w-96"
    data-testid="cat-card-1"
    role="article"
  >
    <a
      aria-label="Saber mais sobre Gato Teste"
      class="bg-stone-50 h-full flex flex-col justify-between rounded-2xl shadow-md overflow-hidden w-full border border-gray-200 hover:shadow-lg transition-all duration-200 group relative"
      href="https://wa.me/5599999999999?text=Ol%C3%A1!%20Tenho%20interesse%20em%20adotar%20o%20Gato%20Teste.%20Poderia%20me%20passar%20mais%20informa%C3%A7%C3%B5es%3F"
      rel="noopener noreferrer"
      target="_blank"
    >
      <span
        class="absolute top-2 left-2 bg-green-100 text-green-900 text-xs font-semibold px-2 py-1 rounded-full shadow-sm z-10 group-hover:scale-105 transition"
        data-testid="contact-badge"
      >
        Clique aqui para saber mais 🐾
      </span>
      <div
        class="relative h-60 w-full shrink-0"
      >
        <img
          alt="Foto de Gato Teste"
          class="object-cover"
          data-nimg="fill"
          data-testid="cat-image"
          decoding="async"
          sizes="(max-width: 768px) 100vw, 384px"
          src="/_next/image?url=%2Fno-image.jpg&w=3840&q=75"
          srcset="/_next/image?url=%2Fno-image.jpg&w=640&q=75 640w, /_next/image?url=%2Fno-image.jpg&w=750&q=75 750w, /_next/image?url=%2Fno-image.jpg&w=828&q=75 828w, /_next/image?url=%2Fno-image.jpg&w=1080&q=75 1080w, /_next/image?url=%2Fno-image.jpg&w=1200&q=75 1200w, /_next/image?url=%2Fno-image.jpg&w=1920&q=75 1920w, /_next/image?url=%2Fno-image.jpg&w=2048&q=75 2048w, /_next/image?url=%2Fno-image.jpg&w=3840&q=75 3840w"
          style="position: absolute; height: 100%; width: 100%; left: 0px; top: 0px; right: 0px; bottom: 0px; color: transparent;"
        />
      </div>
      <div
        class="p-4 h-full flex flex-col gap-2"
      >
        <h2
          class="text-xl font-bold  flex items-center gap-2 text-blue-700"
          data-testid="cat-name"
        >
          <svg
            aria-label="Macho"
            class="text-blue-700"
            fill="currentColor"
            height="1em"
            stroke="currentColor"
            stroke-width="0"
            viewBox="0 0 384 512"
            width="1em"
            xmlns="http://www.w3.org/2000/svg"
          >
            <title>
              Macho
            </title>
            <path
              d="M372 64h-79c-10.7 0-16 12.9-8.5 20.5l16.9 16.9-80.7 80.7c-22.2-14-48.5-22.1-76.7-22.1C64.5 160 0 224.5 0 304s64.5 144 144 144 144-64.5 144-144c0-28.2-8.1-54.5-22.1-76.7l80.7-80.7 16.9 16.9c7.6 7.6 20.5 2.2 20.5-8.5V76c0-6.6-5.4-12-12-12zM144 384c-44.1 0-80-35.9-80-80s35.9-80 80-80 80 35.9 80 80-35.9 80-80 80z"
            />
          </svg>
          Gato Teste
        </h2>
        <div
          class="mt-2 space-y-1 text-sm font-medium text-gray-600"
          data-testid="cat-details"
        />
      </div>
    </a>
  </article>
</div>
`;
