// Jest Snapshot v1, https://goo.gl/fbAQLP

exports[`<HeroComponent /> Should renders the title and subtitle 1`] = `
<div>
  <section
    class="relative flex items-center justify-center text-white h-[80vh] min-h-[500px] w-full overflow-hidden"
    data-testid="hero-block"
  >
    <div
      class="text-center px-4 max-w-2xl mx-auto"
    >
      <h1
        class="text-4xl md:text-6xl font-extrabold mb-4"
        data-testid="hero-title"
      >
        Adote um Gato
      </h1>
      <p
        class="text-lg md:text-xl text-white/90 mb-6"
        data-testid="hero-subtitle"
      >
        VocÃª pode mudar uma vida hoje.
      </p>
      <a
        class="inline-block bg-pink-600 hover:bg-pink-700 text-white font-semibold text-base px-6 py-3 rounded-xl transition-all"
        data-testid="hero-cta"
        href="/adote"
      >
        Ver Gatos
      </a>
    </div>
  </section>
</div>
`;
