// Jest Snapshot v1, https://goo.gl/fbAQLP

exports[`<GalleryComponent /> Should renders all gallery images and captions 1`] = `
<div>
  <section
    class="w-full px-4 py-12"
    data-testid="gallery-block"
  >
    <div
      class="grid grid-cols-1 sm:grid-cols-2 md:grid-cols-3 gap-6 max-w-7xl mx-auto"
    >
      <figure
        class="rounded overflow-hidden shadow-sm"
      >
        <div
          class="relative w-full h-64"
        >
          <img
            alt="Gato dormindo"
            class="object-cover rounded"
            data-nimg="fill"
            data-testid="gallery-image"
            decoding="async"
            sizes="(max-width: 768px) 100vw, (max-width: 1024px) 50vw, 33vw"
            src="/_next/image?url=%2Fgato1.jpg&w=3840&q=75"
            srcset="/_next/image?url=%2Fgato1.jpg&w=256&q=75 256w, /_next/image?url=%2Fgato1.jpg&w=384&q=75 384w, /_next/image?url=%2Fgato1.jpg&w=640&q=75 640w, /_next/image?url=%2Fgato1.jpg&w=750&q=75 750w, /_next/image?url=%2Fgato1.jpg&w=828&q=75 828w, /_next/image?url=%2Fgato1.jpg&w=1080&q=75 1080w, /_next/image?url=%2Fgato1.jpg&w=1200&q=75 1200w, /_next/image?url=%2Fgato1.jpg&w=1920&q=75 1920w, /_next/image?url=%2Fgato1.jpg&w=2048&q=75 2048w, /_next/image?url=%2Fgato1.jpg&w=3840&q=75 3840w"
            style="position: absolute; height: 100%; width: 100%; left: 0px; top: 0px; right: 0px; bottom: 0px; color: transparent;"
          />
        </div>
        <figcaption
          class="text-sm text-center text-gray-700 mt-2"
          data-testid="gallery-caption"
        >
          Gato dormindo
        </figcaption>
      </figure>
      <figure
        class="rounded overflow-hidden shadow-sm"
      >
        <div
          class="relative w-full h-64"
        >
          <img
            alt="Gato brincando"
            class="object-cover rounded"
            data-nimg="fill"
            data-testid="gallery-image"
            decoding="async"
            sizes="(max-width: 768px) 100vw, (max-width: 1024px) 50vw, 33vw"
            src="/_next/image?url=%2Fgato2.jpg&w=3840&q=75"
            srcset="/_next/image?url=%2Fgato2.jpg&w=256&q=75 256w, /_next/image?url=%2Fgato2.jpg&w=384&q=75 384w, /_next/image?url=%2Fgato2.jpg&w=640&q=75 640w, /_next/image?url=%2Fgato2.jpg&w=750&q=75 750w, /_next/image?url=%2Fgato2.jpg&w=828&q=75 828w, /_next/image?url=%2Fgato2.jpg&w=1080&q=75 1080w, /_next/image?url=%2Fgato2.jpg&w=1200&q=75 1200w, /_next/image?url=%2Fgato2.jpg&w=1920&q=75 1920w, /_next/image?url=%2Fgato2.jpg&w=2048&q=75 2048w, /_next/image?url=%2Fgato2.jpg&w=3840&q=75 3840w"
            style="position: absolute; height: 100%; width: 100%; left: 0px; top: 0px; right: 0px; bottom: 0px; color: transparent;"
          />
        </div>
        <figcaption
          class="text-sm text-center text-gray-700 mt-2"
          data-testid="gallery-caption"
        >
          Gato brincando
        </figcaption>
      </figure>
    </div>
  </section>
</div>
`;
